Release 14.7 - xst P.20131013 (nt64)
Copyright (c) 1995-2013 Xilinx, Inc.  All rights reserved.
--> Parameter TMPDIR set to xst/projnav.tmp


Total REAL time to Xst completion: 0.00 secs
Total CPU time to Xst completion: 0.11 secs
 
--> Parameter xsthdpdir set to xst


Total REAL time to Xst completion: 0.00 secs
Total CPU time to Xst completion: 0.11 secs
 
--> Reading design: Rotbytheta.prj

TABLE OF CONTENTS
  1) Synthesis Options Summary
  2) HDL Parsing
  3) HDL Elaboration
  4) HDL Synthesis
       4.1) HDL Synthesis Report
  5) Advanced HDL Synthesis
       5.1) Advanced HDL Synthesis Report
  6) Low Level Synthesis
  7) Partition Report
  8) Design Summary
       8.1) Primitive and Black Box Usage
       8.2) Device utilization summary
       8.3) Partition Resource Summary
       8.4) Timing Report
            8.4.1) Clock Information
            8.4.2) Asynchronous Control Signals Information
            8.4.3) Timing Summary
            8.4.4) Timing Details
            8.4.5) Cross Clock Domains Report


=========================================================================
*                      Synthesis Options Summary                        *
=========================================================================
---- Source Parameters
Input File Name                    : "Rotbytheta.prj"
Ignore Synthesis Constraint File   : NO

---- Target Parameters
Output File Name                   : "Rotbytheta"
Output Format                      : NGC
Target Device                      : xc7a100t-1-csg324

---- Source Options
Top Module Name                    : Rotbytheta
Automatic FSM Extraction           : YES
FSM Encoding Algorithm             : Auto
Safe Implementation                : No
FSM Style                          : LUT
RAM Extraction                     : Yes
RAM Style                          : Auto
ROM Extraction                     : Yes
Shift Register Extraction          : YES
ROM Style                          : Auto
Resource Sharing                   : YES
Asynchronous To Synchronous        : NO
Shift Register Minimum Size        : 2
Use DSP Block                      : Auto
Automatic Register Balancing       : No

---- Target Options
LUT Combining                      : Auto
Reduce Control Sets                : Auto
Add IO Buffers                     : YES
Global Maximum Fanout              : 100000
Add Generic Clock Buffer(BUFG)     : 32
Register Duplication               : YES
Optimize Instantiated Primitives   : NO
Use Clock Enable                   : Auto
Use Synchronous Set                : Auto
Use Synchronous Reset              : Auto
Pack IO Registers into IOBs        : Auto
Equivalent register Removal        : YES

---- General Options
Optimization Goal                  : Speed
Optimization Effort                : 1
Power Reduction                    : NO
Keep Hierarchy                     : No
Netlist Hierarchy                  : As_Optimized
RTL Output                         : Yes
Global Optimization                : AllClockNets
Read Cores                         : YES
Write Timing Constraints           : NO
Cross Clock Analysis               : NO
Hierarchy Separator                : /
Bus Delimiter                      : <>
Case Specifier                     : Maintain
Slice Utilization Ratio            : 100
BRAM Utilization Ratio             : 100
DSP48 Utilization Ratio            : 100
Auto BRAM Packing                  : NO
Slice Utilization Ratio Delta      : 5

=========================================================================


=========================================================================
*                          HDL Parsing                                  *
=========================================================================
Analyzing Verilog file "D:\Test_grp60\Shifter.v" into library work
Parsing module <Shifter>.
Analyzing Verilog file "D:\Test_grp60\lookup.v" into library work
Parsing module <lookup>.
Analyzing Verilog file "D:\Test_grp60\Adder.v" into library work
Parsing module <Adder>.
Analyzing Verilog file "D:\Test_grp60\Rotbytheta.v" into library work
Parsing module <Rotbytheta>.

=========================================================================
*                            HDL Elaboration                            *
=========================================================================

Elaborating module <Rotbytheta>.

Elaborating module <lookup>.

Elaborating module <Shifter>.

Elaborating module <Adder>.

=========================================================================
*                           HDL Synthesis                               *
=========================================================================

Synthesizing Unit <Rotbytheta>.
    Related source file is "D:\Test_grp60\Rotbytheta.v".
    Summary:
	no macro.
Unit <Rotbytheta> synthesized.

Synthesizing Unit <lookup>.
    Related source file is "D:\Test_grp60\lookup.v".
    Summary:
	no macro.
Unit <lookup> synthesized.

Synthesizing Unit <Shifter>.
    Related source file is "D:\Test_grp60\Shifter.v".
    Found 8-bit shifter logical left for signal <n[7]_k[1]_shift_left_0_OUT> created at line 34
    Found 8-bit shifter logical right for signal <n[7]_k[1]_shift_right_1_OUT> created at line 37
    Summary:
	inferred   2 Multiplexer(s).
	inferred   2 Combinational logic shifter(s).
Unit <Shifter> synthesized.

Synthesizing Unit <Adder>.
    Related source file is "D:\Test_grp60\Adder.v".
    Found 8-bit adder for signal <n0015> created at line 29.
    Found 8-bit adder for signal <in1[7]_GND_4_o_add_2_OUT> created at line 29.
    Found 8-bit adder for signal <in1[7]_in2[7]_add_3_OUT> created at line 32.
    Summary:
	inferred   2 Adder/Subtractor(s).
	inferred   2 Multiplexer(s).
Unit <Adder> synthesized.

=========================================================================
HDL Synthesis Report

Macro Statistics
# Adders/Subtractors                                   : 4
 8-bit adder                                           : 4
# Multiplexers                                         : 8
 8-bit 2-to-1 multiplexer                              : 8
# Logic shifters                                       : 4
 8-bit shifter logical left                            : 2
 8-bit shifter logical right                           : 2

=========================================================================
INFO:Xst:1767 - HDL ADVISOR - Resource sharing has identified that some arithmetic operations in this design can share the same physical resources for reduced device utilization. For improved clock frequency you may try to disable resource sharing.

=========================================================================
*                       Advanced HDL Synthesis                          *
=========================================================================


=========================================================================
Advanced HDL Synthesis Report

Macro Statistics
# Adders/Subtractors                                   : 4
 8-bit adder                                           : 4
# Multiplexers                                         : 8
 8-bit 2-to-1 multiplexer                              : 8
# Logic shifters                                       : 4
 8-bit shifter logical left                            : 2
 8-bit shifter logical right                           : 2

=========================================================================

=========================================================================
*                         Low Level Synthesis                           *
=========================================================================

Optimizing unit <Rotbytheta> ...

Optimizing unit <Adder> ...

Mapping all equations...
Building and optimizing final netlist ...
Found area constraint ratio of 100 (+ 5) on block Rotbytheta, actual ratio is 0.

Final Macro Processing ...

=========================================================================
Final Register Report

Found no macro
=========================================================================

=========================================================================
*                           Partition Report                            *
=========================================================================

Partition Implementation Status
-------------------------------

  No Partitions were found in this design.

-------------------------------

=========================================================================
*                            Design Summary                             *
=========================================================================

Top Level Output File Name         : Rotbytheta.ngc

Primitive and Black Box Usage:
------------------------------
# BELS                             : 139
#      GND                         : 1
#      INV                         : 1
#      LUT1                        : 6
#      LUT2                        : 10
#      LUT3                        : 5
#      LUT4                        : 15
#      LUT5                        : 12
#      LUT6                        : 42
#      MUXCY                       : 21
#      MUXF7                       : 2
#      XORCY                       : 24
# IO Buffers                       : 40
#      IBUF                        : 24
#      OBUF                        : 16

Device utilization summary:
---------------------------

Selected Device : 7a100tcsg324-1 


Slice Logic Utilization: 
 Number of Slice LUTs:                   91  out of  63400     0%  
    Number used as Logic:                91  out of  63400     0%  

Slice Logic Distribution: 
 Number of LUT Flip Flop pairs used:     91
   Number with an unused Flip Flop:      91  out of     91   100%  
   Number with an unused LUT:             0  out of     91     0%  
   Number of fully used LUT-FF pairs:     0  out of     91     0%  
   Number of unique control sets:         0

IO Utilization: 
 Number of IOs:                          40
 Number of bonded IOBs:                  40  out of    210    19%  

Specific Feature Utilization:

---------------------------
Partition Resource Summary:
---------------------------

  No Partitions were found in this design.

---------------------------


=========================================================================
Timing Report

NOTE: THESE TIMING NUMBERS ARE ONLY A SYNTHESIS ESTIMATE.
      FOR ACCURATE TIMING INFORMATION PLEASE REFER TO THE TRACE REPORT
      GENERATED AFTER PLACE-and-ROUTE.

Clock Information:
------------------
No clock signals found in this design

Asynchronous Control Signals Information:
----------------------------------------
No asynchronous control signals found in this design

Timing Summary:
---------------
Speed Grade: -1

   Minimum period: No path found
   Minimum input arrival time before clock: No path found
   Maximum output required time after clock: No path found
   Maximum combinational path delay: 6.469ns

Timing Details:
---------------
All values displayed in nanoseconds (ns)

=========================================================================
Timing constraint: Default path analysis
  Total number of paths / destination ports: 6760 / 16
-------------------------------------------------------------------------
Delay:               6.469ns (Levels of Logic = 13)
  Source:            theta<4> (PAD)
  Destination:       x_out<7> (PAD)

  Data Path: theta<4> to x_out<7>
                                Gate     Net
    Cell:in->out      fanout   Delay   Delay  Logical Name (Net Name)
    ----------------------------------------  ------------
     IBUF:I->O            38   0.001   0.930  theta_4_IBUF (theta_4_IBUF)
     LUT4:I0->O            1   0.124   0.716  add4x/n0013<3>1 (add4x/n0013<3>1)
     LUT6:I3->O            1   0.124   0.939  add4x/n0013<3>3 (add4x/n0013<3>3)
     LUT6:I0->O            1   0.124   0.421  add4x/n0013<3>6 (add4x/n0013<3>)
     LUT2:I1->O            1   0.124   0.000  add4x/Madd_n0015_lut<3> (add4x/Madd_n0015_lut<3>)
     MUXCY:S->O            1   0.472   0.000  add4x/Madd_n0015_cy<3> (add4x/Madd_n0015_cy<3>)
     MUXCY:CI->O           1   0.029   0.000  add4x/Madd_n0015_cy<4> (add4x/Madd_n0015_cy<4>)
     MUXCY:CI->O           1   0.029   0.000  add4x/Madd_n0015_cy<5> (add4x/Madd_n0015_cy<5>)
     XORCY:CI->O           1   0.510   0.421  add4x/Madd_n0015_xor<6> (add4x/Mmux_out_rs_lut<6>)
     LUT1:I0->O            1   0.124   0.000  add4x/Mmux_out_rs_cy<6>_rt (add4x/Mmux_out_rs_cy<6>_rt)
     MUXCY:S->O            0   0.472   0.000  add4x/Mmux_out_rs_cy<6> (add4x/Mmux_out_rs_cy<6>)
     XORCY:CI->O           1   0.510   0.399  add4x/Mmux_out_rs_xor<7> (x_out_7_OBUF)
     OBUF:I->O                 0.000          x_out_7_OBUF (x_out<7>)
    ----------------------------------------
    Total                      6.469ns (2.644ns logic, 3.826ns route)
                                       (40.9% logic, 59.1% route)

=========================================================================

Cross Clock Domains Report:
--------------------------

=========================================================================


Total REAL time to Xst completion: 10.00 secs
Total CPU time to Xst completion: 10.28 secs
 
--> 

Total memory usage is 4616316 kilobytes

Number of errors   :    0 (   0 filtered)
Number of warnings :    0 (   0 filtered)
Number of infos    :    1 (   0 filtered)

