--------------------------------------------------------------------------------
Release 14.7 Trace  (nt64)
Copyright (c) 1995-2013 Xilinx, Inc.  All rights reserved.

C:\Xilinx\14.7\ISE_DS\ISE\bin\nt64\unwrapped\trce.exe -intstyle ise -v 3 -s 3
-n 3 -fastpaths -xml RCA_16_bit.twx RCA_16_bit.ncd -o RCA_16_bit.twr
RCA_16_bit.pcf

Design file:              RCA_16_bit.ncd
Physical constraint file: RCA_16_bit.pcf
Device,package,speed:     xc7a100t,csg324,C,-3 (PRODUCTION 1.10 2013-10-13)
Report level:             verbose report

Environment Variable      Effect 
--------------------      ------ 
NONE                      No environment variables were set
--------------------------------------------------------------------------------

INFO:Timing:2698 - No timing constraints found, doing default enumeration.
INFO:Timing:3412 - To improve timing, see the Timing Closure User Guide (UG612).
INFO:Timing:2752 - To get complete path coverage, use the unconstrained paths 
   option. All paths that are not constrained will be reported in the 
   unconstrained paths section(s) of the report.
INFO:Timing:3339 - The clock-to-out numbers in this timing report are based on 
   a 50 Ohm transmission line loading model.  For the details of this model, 
   and for more information on accounting for different loading conditions, 
   please see the device datasheet.



Data Sheet report:
-----------------
All values displayed in nanoseconds (ns)

Pad to Pad
---------------+---------------+---------+
Source Pad     |Destination Pad|  Delay  |
---------------+---------------+---------+
a<0>           |c_out          |   11.570|
a<0>           |s<0>           |    6.278|
a<0>           |s<1>           |    6.324|
a<0>           |s<2>           |    7.174|
a<0>           |s<3>           |    7.185|
a<0>           |s<4>           |    7.787|
a<0>           |s<5>           |    7.930|
a<0>           |s<6>           |    8.550|
a<0>           |s<7>           |    8.664|
a<0>           |s<8>           |    9.300|
a<0>           |s<9>           |    9.574|
a<0>           |s<10>          |   10.107|
a<0>           |s<11>          |   10.340|
a<0>           |s<12>          |   10.712|
a<0>           |s<13>          |   11.103|
a<0>           |s<14>          |   12.061|
a<0>           |s<15>          |   11.735|
a<1>           |c_out          |   11.449|
a<1>           |s<1>           |    6.199|
a<1>           |s<2>           |    7.053|
a<1>           |s<3>           |    7.064|
a<1>           |s<4>           |    7.666|
a<1>           |s<5>           |    7.809|
a<1>           |s<6>           |    8.429|
a<1>           |s<7>           |    8.543|
a<1>           |s<8>           |    9.179|
a<1>           |s<9>           |    9.453|
a<1>           |s<10>          |    9.986|
a<1>           |s<11>          |   10.219|
a<1>           |s<12>          |   10.591|
a<1>           |s<13>          |   10.982|
a<1>           |s<14>          |   11.940|
a<1>           |s<15>          |   11.614|
a<2>           |c_out          |   10.581|
a<2>           |s<2>           |    5.880|
a<2>           |s<3>           |    6.187|
a<2>           |s<4>           |    6.798|
a<2>           |s<5>           |    6.941|
a<2>           |s<6>           |    7.561|
a<2>           |s<7>           |    7.675|
a<2>           |s<8>           |    8.311|
a<2>           |s<9>           |    8.585|
a<2>           |s<10>          |    9.118|
a<2>           |s<11>          |    9.351|
a<2>           |s<12>          |    9.723|
a<2>           |s<13>          |   10.114|
a<2>           |s<14>          |   11.072|
a<2>           |s<15>          |   10.746|
a<3>           |c_out          |   10.667|
a<3>           |s<3>           |    6.289|
a<3>           |s<4>           |    6.884|
a<3>           |s<5>           |    7.027|
a<3>           |s<6>           |    7.647|
a<3>           |s<7>           |    7.761|
a<3>           |s<8>           |    8.397|
a<3>           |s<9>           |    8.671|
a<3>           |s<10>          |    9.204|
a<3>           |s<11>          |    9.437|
a<3>           |s<12>          |    9.809|
a<3>           |s<13>          |   10.200|
a<3>           |s<14>          |   11.158|
a<3>           |s<15>          |   10.832|
a<4>           |c_out          |   10.090|
a<4>           |s<4>           |    6.504|
a<4>           |s<5>           |    6.458|
a<4>           |s<6>           |    7.070|
a<4>           |s<7>           |    7.184|
a<4>           |s<8>           |    7.820|
a<4>           |s<9>           |    8.094|
a<4>           |s<10>          |    8.627|
a<4>           |s<11>          |    8.860|
a<4>           |s<12>          |    9.232|
a<4>           |s<13>          |    9.623|
a<4>           |s<14>          |   10.581|
a<4>           |s<15>          |   10.255|
a<5>           |c_out          |    9.868|
a<5>           |s<5>           |    6.232|
a<5>           |s<6>           |    6.848|
a<5>           |s<7>           |    6.962|
a<5>           |s<8>           |    7.598|
a<5>           |s<9>           |    7.872|
a<5>           |s<10>          |    8.405|
a<5>           |s<11>          |    8.638|
a<5>           |s<12>          |    9.010|
a<5>           |s<13>          |    9.401|
a<5>           |s<14>          |   10.359|
a<5>           |s<15>          |   10.033|
a<6>           |c_out          |    8.823|
a<6>           |s<6>           |    6.261|
a<6>           |s<7>           |    5.915|
a<6>           |s<8>           |    6.553|
a<6>           |s<9>           |    6.827|
a<6>           |s<10>          |    7.360|
a<6>           |s<11>          |    7.593|
a<6>           |s<12>          |    7.965|
a<6>           |s<13>          |    8.356|
a<6>           |s<14>          |    9.314|
a<6>           |s<15>          |    8.988|
a<7>           |c_out          |    9.091|
a<7>           |s<7>           |    6.176|
a<7>           |s<8>           |    6.821|
a<7>           |s<9>           |    7.095|
a<7>           |s<10>          |    7.628|
a<7>           |s<11>          |    7.861|
a<7>           |s<12>          |    8.233|
a<7>           |s<13>          |    8.624|
a<7>           |s<14>          |    9.582|
a<7>           |s<15>          |    9.256|
a<8>           |c_out          |    8.333|
a<8>           |s<8>           |    6.364|
a<8>           |s<9>           |    6.352|
a<8>           |s<10>          |    6.870|
a<8>           |s<11>          |    7.103|
a<8>           |s<12>          |    7.475|
a<8>           |s<13>          |    7.866|
a<8>           |s<14>          |    8.824|
a<8>           |s<15>          |    8.498|
a<9>           |c_out          |    8.160|
a<9>           |s<9>           |    6.175|
a<9>           |s<10>          |    6.697|
a<9>           |s<11>          |    6.930|
a<9>           |s<12>          |    7.302|
a<9>           |s<13>          |    7.693|
a<9>           |s<14>          |    8.651|
a<9>           |s<15>          |    8.325|
a<10>          |c_out          |    7.622|
a<10>          |s<10>          |    6.179|
a<10>          |s<11>          |    6.399|
a<10>          |s<12>          |    6.764|
a<10>          |s<13>          |    7.155|
a<10>          |s<14>          |    8.113|
a<10>          |s<15>          |    7.787|
a<11>          |c_out          |    7.167|
a<11>          |s<11>          |    5.935|
a<11>          |s<12>          |    6.309|
a<11>          |s<13>          |    6.700|
a<11>          |s<14>          |    7.658|
a<11>          |s<15>          |    7.332|
a<12>          |c_out          |    6.354|
a<12>          |s<12>          |    6.054|
a<12>          |s<13>          |    5.879|
a<12>          |s<14>          |    6.845|
a<12>          |s<15>          |    6.519|
a<13>          |c_out          |    6.656|
a<13>          |s<13>          |    6.185|
a<13>          |s<14>          |    7.147|
a<13>          |s<15>          |    6.821|
a<14>          |c_out          |    5.988|
a<14>          |s<14>          |    5.988|
a<14>          |s<15>          |    6.161|
a<15>          |c_out          |    6.212|
a<15>          |s<15>          |    6.381|
b<0>           |c_out          |   10.932|
b<0>           |s<0>           |    5.622|
b<0>           |s<1>           |    5.671|
b<0>           |s<2>           |    6.536|
b<0>           |s<3>           |    6.547|
b<0>           |s<4>           |    7.149|
b<0>           |s<5>           |    7.292|
b<0>           |s<6>           |    7.912|
b<0>           |s<7>           |    8.026|
b<0>           |s<8>           |    8.662|
b<0>           |s<9>           |    8.936|
b<0>           |s<10>          |    9.469|
b<0>           |s<11>          |    9.702|
b<0>           |s<12>          |   10.074|
b<0>           |s<13>          |   10.465|
b<0>           |s<14>          |   11.423|
b<0>           |s<15>          |   11.097|
b<1>           |c_out          |   10.830|
b<1>           |s<1>           |    5.568|
b<1>           |s<2>           |    6.434|
b<1>           |s<3>           |    6.445|
b<1>           |s<4>           |    7.047|
b<1>           |s<5>           |    7.190|
b<1>           |s<6>           |    7.810|
b<1>           |s<7>           |    7.924|
b<1>           |s<8>           |    8.560|
b<1>           |s<9>           |    8.834|
b<1>           |s<10>          |    9.367|
b<1>           |s<11>          |    9.600|
b<1>           |s<12>          |    9.972|
b<1>           |s<13>          |   10.363|
b<1>           |s<14>          |   11.321|
b<1>           |s<15>          |   10.995|
b<2>           |c_out          |   10.306|
b<2>           |s<2>           |    5.624|
b<2>           |s<3>           |    5.913|
b<2>           |s<4>           |    6.523|
b<2>           |s<5>           |    6.666|
b<2>           |s<6>           |    7.286|
b<2>           |s<7>           |    7.400|
b<2>           |s<8>           |    8.036|
b<2>           |s<9>           |    8.310|
b<2>           |s<10>          |    8.843|
b<2>           |s<11>          |    9.076|
b<2>           |s<12>          |    9.448|
b<2>           |s<13>          |    9.839|
b<2>           |s<14>          |   10.797|
b<2>           |s<15>          |   10.471|
b<3>           |c_out          |    9.947|
b<3>           |s<3>           |    5.560|
b<3>           |s<4>           |    6.164|
b<3>           |s<5>           |    6.307|
b<3>           |s<6>           |    6.927|
b<3>           |s<7>           |    7.041|
b<3>           |s<8>           |    7.677|
b<3>           |s<9>           |    7.951|
b<3>           |s<10>          |    8.484|
b<3>           |s<11>          |    8.717|
b<3>           |s<12>          |    9.089|
b<3>           |s<13>          |    9.480|
b<3>           |s<14>          |   10.438|
b<3>           |s<15>          |   10.112|
b<4>           |c_out          |    9.491|
b<4>           |s<4>           |    5.733|
b<4>           |s<5>           |    5.844|
b<4>           |s<6>           |    6.471|
b<4>           |s<7>           |    6.585|
b<4>           |s<8>           |    7.221|
b<4>           |s<9>           |    7.495|
b<4>           |s<10>          |    8.028|
b<4>           |s<11>          |    8.261|
b<4>           |s<12>          |    8.633|
b<4>           |s<13>          |    9.024|
b<4>           |s<14>          |    9.982|
b<4>           |s<15>          |    9.656|
b<5>           |c_out          |    9.308|
b<5>           |s<5>           |    5.660|
b<5>           |s<6>           |    6.288|
b<5>           |s<7>           |    6.402|
b<5>           |s<8>           |    7.038|
b<5>           |s<9>           |    7.312|
b<5>           |s<10>          |    7.845|
b<5>           |s<11>          |    8.078|
b<5>           |s<12>          |    8.450|
b<5>           |s<13>          |    8.841|
b<5>           |s<14>          |    9.799|
b<5>           |s<15>          |    9.473|
b<6>           |c_out          |    8.763|
b<6>           |s<6>           |    5.763|
b<6>           |s<7>           |    5.864|
b<6>           |s<8>           |    6.493|
b<6>           |s<9>           |    6.767|
b<6>           |s<10>          |    7.300|
b<6>           |s<11>          |    7.533|
b<6>           |s<12>          |    7.905|
b<6>           |s<13>          |    8.296|
b<6>           |s<14>          |    9.254|
b<6>           |s<15>          |    8.928|
b<7>           |c_out          |    8.632|
b<7>           |s<7>           |    5.718|
b<7>           |s<8>           |    6.362|
b<7>           |s<9>           |    6.636|
b<7>           |s<10>          |    7.169|
b<7>           |s<11>          |    7.402|
b<7>           |s<12>          |    7.774|
b<7>           |s<13>          |    8.165|
b<7>           |s<14>          |    9.123|
b<7>           |s<15>          |    8.797|
b<8>           |c_out          |    7.480|
b<8>           |s<8>           |    5.617|
b<8>           |s<9>           |    5.491|
b<8>           |s<10>          |    6.017|
b<8>           |s<11>          |    6.250|
b<8>           |s<12>          |    6.622|
b<8>           |s<13>          |    7.013|
b<8>           |s<14>          |    7.971|
b<8>           |s<15>          |    7.645|
b<9>           |c_out          |    7.605|
b<9>           |s<9>           |    5.608|
b<9>           |s<10>          |    6.142|
b<9>           |s<11>          |    6.375|
b<9>           |s<12>          |    6.747|
b<9>           |s<13>          |    7.138|
b<9>           |s<14>          |    8.096|
b<9>           |s<15>          |    7.770|
b<10>          |c_out          |    7.009|
b<10>          |s<10>          |    5.543|
b<10>          |s<11>          |    5.771|
b<10>          |s<12>          |    6.151|
b<10>          |s<13>          |    6.542|
b<10>          |s<14>          |    7.500|
b<10>          |s<15>          |    7.174|
b<11>          |c_out          |    6.942|
b<11>          |s<11>          |    5.703|
b<11>          |s<12>          |    6.084|
b<11>          |s<13>          |    6.475|
b<11>          |s<14>          |    7.433|
b<11>          |s<15>          |    7.107|
b<12>          |c_out          |    5.903|
b<12>          |s<12>          |    5.599|
b<12>          |s<13>          |    5.420|
b<12>          |s<14>          |    6.394|
b<12>          |s<15>          |    6.068|
b<13>          |c_out          |    6.076|
b<13>          |s<13>          |    5.595|
b<13>          |s<14>          |    6.567|
b<13>          |s<15>          |    6.241|
b<14>          |c_out          |    5.693|
b<14>          |s<14>          |    5.845|
b<14>          |s<15>          |    5.851|
b<15>          |c_out          |    5.606|
b<15>          |s<15>          |    5.763|
c_in           |c_out          |   11.126|
c_in           |s<0>           |    6.274|
c_in           |s<1>           |    5.872|
c_in           |s<2>           |    6.730|
c_in           |s<3>           |    6.741|
c_in           |s<4>           |    7.343|
c_in           |s<5>           |    7.486|
c_in           |s<6>           |    8.106|
c_in           |s<7>           |    8.220|
c_in           |s<8>           |    8.856|
c_in           |s<9>           |    9.130|
c_in           |s<10>          |    9.663|
c_in           |s<11>          |    9.896|
c_in           |s<12>          |   10.268|
c_in           |s<13>          |   10.659|
c_in           |s<14>          |   11.617|
c_in           |s<15>          |   11.291|
---------------+---------------+---------+


Analysis completed Fri Aug 26 16:19:48 2022 
--------------------------------------------------------------------------------

Trace Settings:
-------------------------
Trace Settings 

Peak Memory Usage: 4949 MB



